// Jest Snapshot v1, https://goo.gl/fbAQLP

exports[`createString Saga should call the stringCreationError action if string is empty 1`] = `
Object {
  "@@redux-saga/IO": true,
  "combinator": false,
  "payload": Object {
    "args": Array [],
    "selector": [Function],
  },
  "type": "SELECT",
}
`;

exports[`createString Saga should call the stringCreationError action if string is empty 2`] = `
Object {
  "@@redux-saga/IO": true,
  "combinator": false,
  "payload": Object {
    "args": Array [
      "http://localhost:3000/strings",
      Object {
        "body": "{\\"string\\":\\"test string\\"}",
        "headers": Object {
          "Content-Type": "application/json",
        },
        "method": "POST",
      },
    ],
    "context": null,
    "fn": [Function],
  },
  "type": "CALL",
}
`;

exports[`createString Saga should call the stringCreationError action if the response errors 1`] = `
Object {
  "@@redux-saga/IO": true,
  "combinator": false,
  "payload": Object {
    "args": Array [],
    "selector": [Function],
  },
  "type": "SELECT",
}
`;

exports[`createString Saga should call the stringCreationError action if the response errors 2`] = `
Object {
  "@@redux-saga/IO": true,
  "combinator": false,
  "payload": Object {
    "args": Array [
      "http://localhost:3000/strings",
      Object {
        "body": "{\\"string\\":\\"test string\\"}",
        "headers": Object {
          "Content-Type": "application/json",
        },
        "method": "POST",
      },
    ],
    "context": null,
    "fn": [Function],
  },
  "type": "CALL",
}
`;

exports[`createString Saga should dispatch the stringCreated action if it creates the string successfully 1`] = `
Object {
  "@@redux-saga/IO": true,
  "combinator": false,
  "payload": Object {
    "args": Array [],
    "selector": [Function],
  },
  "type": "SELECT",
}
`;

exports[`createString Saga should dispatch the stringCreated action if it creates the string successfully 2`] = `
Object {
  "@@redux-saga/IO": true,
  "combinator": false,
  "payload": Object {
    "args": Array [
      "http://localhost:3000/strings",
      Object {
        "body": "{\\"string\\":\\"test string\\"}",
        "headers": Object {
          "Content-Type": "application/json",
        },
        "method": "POST",
      },
    ],
    "context": null,
    "fn": [Function],
  },
  "type": "CALL",
}
`;

exports[`createString Saga should not dispatch the stringCreated action if string is empty 1`] = `
Object {
  "@@redux-saga/IO": true,
  "combinator": false,
  "payload": Object {
    "args": Array [],
    "selector": [Function],
  },
  "type": "SELECT",
}
`;

exports[`createString Saga should not dispatch the stringCreated action if string is empty 2`] = `
Object {
  "@@redux-saga/IO": true,
  "combinator": false,
  "payload": Object {
    "args": Array [
      "http://localhost:3000/strings",
      Object {
        "body": "{\\"string\\":\\"test string\\"}",
        "headers": Object {
          "Content-Type": "application/json",
        },
        "method": "POST",
      },
    ],
    "context": null,
    "fn": [Function],
  },
  "type": "CALL",
}
`;
